// Jest Snapshot v1, https://goo.gl/fbAQLP

exports[`renders correctly 1`] = `
<div
  className="character-card"
  onClick={[Function]}
>
  <img />
  <div>
    <span />
  </div>
</div>
`;
